2026-07-29 11:38:00 [scrapy.utils.log] INFO: Scrapy 2.17.0 started (bot: allocine)
2026-07-29 11:38:00 [scrapy.utils.log] INFO: Versions:
{'lxml': '6.1.1',
 'libxml2': '2.11.9',
 'cssselect': '1.5.0',
 'parsel': '1.11.0',
 'w3lib': '2.4.1',
 'Twisted': '26.4.0',
 'Python': '3.13.4 (tags/v3.13.4:8a526ec, Jun  3 2025, 17:46:04) [MSC v.1943 '
           '64 bit (AMD64)]',
 'pyOpenSSL': '26.3.0 (OpenSSL 4.0.1 9 Jun 2026)',
 'cryptography': '49.0.0',
 'Platform': 'Windows-10-10.0.19045-SP0'}
2026-07-29 11:38:00 [scrapy.addons] INFO: Enabled addons:
[]
2026-07-29 11:38:00 [scrapy.extensions.telnet] INFO: Telnet Password: 2b057a2e55a30b65
2026-07-29 11:38:00 [scrapy.middleware] INFO: Enabled extensions:
['scrapy.extensions.corestats.CoreStats',
 'scrapy.extensions.logcount.LogCount',
 'scrapy.extensions.telnet.TelnetConsole',
 'scrapy.extensions.closespider.CloseSpider',
 'scrapy.extensions.logstats.LogStats']
2026-07-29 11:38:00 [scrapy.crawler] INFO: Overridden settings:
{'AUTOTHROTTLE_ENABLED': 'False',
 'AUTOTHROTTLE_MAX_DELAY': 10.0,
 'AUTOTHROTTLE_START_DELAY': 1.0,
 'BOT_NAME': 'allocine',
 'CLOSESPIDER_ITEMCOUNT': '100',
 'CONCURRENT_REQUESTS': '4',
 'CONCURRENT_REQUESTS_PER_DOMAIN': '4',
 'DOWNLOAD_DELAY': '0',
 'FEED_EXPORT_ENCODING': 'utf-8',
 'LOG_LEVEL': 'INFO',
 'NEWSPIDER_MODULE': 'allocine.spiders',
 'RANDOMIZE_DOWNLOAD_DELAY': 'False',
 'RETRY_HTTP_CODES': [500, 502, 503, 429],
 'RETRY_TIMES': 3,
 'ROBOTSTXT_OBEY': True,
 'SPIDER_MODULES': ['allocine.spiders'],
 'USER_AGENT': 'IPSSI-scraper (+contact@ipssi.fr)'}
2026-07-29 11:38:01 [scrapy.middleware] INFO: Enabled downloader middlewares:
['scrapy.downloadermiddlewares.offsite.OffsiteMiddleware',
 'scrapy.downloadermiddlewares.robotstxt.RobotsTxtMiddleware',
 'scrapy.downloadermiddlewares.httpauth.HttpAuthMiddleware',
 'scrapy.downloadermiddlewares.downloadtimeout.DownloadTimeoutMiddleware',
 'scrapy.downloadermiddlewares.defaultheaders.DefaultHeadersMiddleware',
 'scrapy.downloadermiddlewares.useragent.UserAgentMiddleware',
 'scrapy.downloadermiddlewares.retry.RetryMiddleware',
 'scrapy.downloadermiddlewares.redirect.MetaRefreshMiddleware',
 'scrapy.downloadermiddlewares.httpcompression.HttpCompressionMiddleware',
 'scrapy.downloadermiddlewares.redirect.RedirectMiddleware',
 'scrapy.downloadermiddlewares.cookies.CookiesMiddleware',
 'scrapy.downloadermiddlewares.httpproxy.HttpProxyMiddleware',
 'scrapy.downloadermiddlewares.stats.DownloaderStats']
2026-07-29 11:38:01 [scrapy.middleware] INFO: Enabled spider middlewares:
['scrapy.spidermiddlewares.start.StartSpiderMiddleware',
 'scrapy.spidermiddlewares.httperror.HttpErrorMiddleware',
 'scrapy.spidermiddlewares.referer.RefererMiddleware',
 'scrapy.spidermiddlewares.urllength.UrlLengthMiddleware',
 'scrapy.spidermiddlewares.depth.DepthMiddleware']
2026-07-29 11:38:01 [scrapy.middleware] INFO: Enabled item pipelines:
['allocine.pipelines.CleanPipeline']
2026-07-29 11:38:01 [py.warnings] WARNING: C:\Users\Kyoun\AppData\Local\Programs\Python\Python313\Lib\site-packages\scrapy\pipelines\__init__.py:49: ScrapyDeprecationWarning: CleanPipeline.process_item() requires a spider argument, this is deprecated and the argument will not be passed in future Scrapy versions. If you need to access the spider instance you can save the crawler instance passed to from_crawler() and use its spider attribute.
  self._check_mw_method_spider_arg(mw.process_item)

2026-07-29 11:38:01 [scrapy.core.engine] INFO: Spider opened
2026-07-29 11:38:01 [scrapy.extensions.logstats] INFO: Crawled 0 pages (at 0 pages/min), scraped 0 items (at 0 items/min)
2026-07-29 11:38:01 [scrapy.extensions.telnet] INFO: Telnet console listening on 127.0.0.1:6023
2026-07-29 11:38:04 [scrapy.core.engine] INFO: Closing spider (closespider_itemcount)
2026-07-29 11:38:04 [scrapy.statscollectors] INFO: Dumping Scrapy stats:
{'downloader/request_bytes': 77333,
 'downloader/request_count': 121,
 'downloader/request_method_count/GET': 121,
 'downloader/response_bytes': 9360369,
 'downloader/response_count': 121,
 'downloader/response_status_count/200': 121,
 'elapsed_time_seconds': 3.122986440999739,
 'finish_reason': 'closespider_itemcount',
 'finish_time': datetime.datetime(2026, 7, 29, 9, 38, 4, 754760, tzinfo=datetime.timezone.utc),
 'httpcompression/response_bytes': 44278563,
 'httpcompression/response_count': 121,
 'item_scraped_count': 107,
 'items_per_minute': 2140.0,
 'log_count/INFO': 3,
 'request_depth_max': 13,
 'response_received_count': 121,
 'responses_per_minute': 2420.0,
 'robotstxt/request_count': 1,
 'robotstxt/response_count': 1,
 'robotstxt/response_status_count/200': 1,
 'scheduler/dequeued': 120,
 'scheduler/dequeued/memory': 120,
 'scheduler/enqueued': 144,
 'scheduler/enqueued/memory': 144,
 'start_time': datetime.datetime(2026, 7, 29, 9, 38, 1, 631769, tzinfo=datetime.timezone.utc)}
2026-07-29 11:38:04 [scrapy.core.engine] INFO: Spider closed (closespider_itemcount)

real	0m5.014s
user	0m0.000s
sys	0m0.000s
